============================= test session starts =============================
platform win32 -- Python 3.12.5, pytest-9.0.2, pluggy-1.6.0 -- C:\multigen\.venv\Scripts\python.exe
cachedir: .pytest_cache
rootdir: C:\multigen
configfile: pyproject.toml
plugins: anyio-4.12.1, cov-7.0.0
collecting ... collected 102 items / 98 deselected / 4 selected
run-last-failure: rerun previous 4 failures (skipped 8 files)

tests/test_phase1.py::test_latent_propagator_inject_noise_signature FAILED [ 25%]
tests/test_phase10_consistency.py::test_scene_memory_initialization FAILED [ 50%]
tests/test_phase10_consistency.py::test_scene_memory_update_only_valid_fields FAILED [ 75%]
tests/test_phase10_consistency.py::test_scene_memory_reset FAILED        [100%]

================================== FAILURES ===================================
________________ test_latent_propagator_inject_noise_signature ________________

    def test_latent_propagator_inject_noise_signature():
        from multigenai.temporal.latent_propagator import LatentPropagator
        lp = LatentPropagator()
>       assert hasattr(lp, "inject_noise")
E       AssertionError: assert False
E        +  where False = hasattr(<multigenai.temporal.latent_propagator.LatentPropagator object at 0x0000019CFC041A00>, 'inject_noise')

tests\test_phase1.py:397: AssertionError
______________________ test_scene_memory_initialization _______________________

    def test_scene_memory_initialization():
        mem = SceneMemory()
        state = mem.get()
    
        # Assert fresh initialization
        assert isinstance(state, SceneState)
>       assert state.character_reference is None
               ^^^^^^^^^^^^^^^^^^^^^^^^^
E       AttributeError: 'SceneState' object has no attribute 'character_reference'. Did you mean: 'character_reference_path'?

tests\test_phase10_consistency.py:11: AttributeError
_________________ test_scene_memory_update_only_valid_fields __________________

    def test_scene_memory_update_only_valid_fields():
        mem = SceneMemory()
    
        # Create dummy image
        img = Image.new('RGB', (100, 100))
    
        # Assert successful field updates
        mem.update(
            character_reference=img,
            environment_prompt="A dark spooky forest",
            lighting_prompt="cinematic dramatic lighting"
        )
    
        state = mem.get()
>       assert state.character_reference is img
               ^^^^^^^^^^^^^^^^^^^^^^^^^
E       AttributeError: 'SceneState' object has no attribute 'character_reference'. Did you mean: 'character_reference_path'?

tests\test_phase10_consistency.py:31: AttributeError
___________________________ test_scene_memory_reset ___________________________

    def test_scene_memory_reset():
        mem = SceneMemory()
        img = Image.new('RGB', (100, 100))
        mem.update(reference_frame=img, style_prompt="cyberpunk")
    
        assert mem.get().style_prompt == "cyberpunk"
    
        mem.reset()
        state = mem.get()
        assert state.style_prompt is None
>       assert state.reference_frame is None
               ^^^^^^^^^^^^^^^^^^^^^
E       AttributeError: 'SceneState' object has no attribute 'reference_frame'. Did you mean: 'reference_frame_path'?

tests\test_phase10_consistency.py:50: AttributeError
=========================== short test summary info ===========================
FAILED tests/test_phase1.py::test_latent_propagator_inject_noise_signature - ...
FAILED tests/test_phase10_consistency.py::test_scene_memory_initialization - ...
FAILED tests/test_phase10_consistency.py::test_scene_memory_update_only_valid_fields
FAILED tests/test_phase10_consistency.py::test_scene_memory_reset - Attribute...
====================== 4 failed, 98 deselected in 3.78s =======================
